  Assembling AsmLibrary.asm...
AsmLibrary.asm(2): error A2013: .MODEL must precede this directive
AsmLibrary.asm(8): error A2034: must be in segment block
AsmLibrary.asm(9): error A2034: must be in segment block
AsmLibrary.asm(10): error A2034: must be in segment block
AsmLibrary.asm(13): error A2034: must be in segment block
AsmLibrary.asm(14): error A2034: must be in segment block
AsmLibrary.asm(15): error A2034: must be in segment block
AsmLibrary.asm(18): error A2034: must be in segment block
AsmLibrary.asm(20): error A2034: must be in segment block
AsmLibrary.asm(21): error A2034: must be in segment block
AsmLibrary.asm(22): error A2034: must be in segment block
AsmLibrary.asm(23): error A2034: must be in segment block
AsmLibrary.asm(24): error A2034: must be in segment block
AsmLibrary.asm(25): error A2034: must be in segment block
AsmLibrary.asm(26): error A2034: must be in segment block
AsmLibrary.asm(27): error A2034: must be in segment block
AsmLibrary.asm(28): error A2034: must be in segment block
AsmLibrary.asm(29): error A2034: must be in segment block
AsmLibrary.asm(32): error A2034: must be in segment block
AsmLibrary.asm(33): error A2034: must be in segment block
AsmLibrary.asm(34): error A2034: must be in segment block
AsmLibrary.asm(35): error A2034: must be in segment block
AsmLibrary.asm(40): error A2013: .MODEL must precede this directive
AsmLibrary.asm(42): error A2034: must be in segment block : encodeAsm
AsmLibrary.asm(45): error A2034: must be in segment block
AsmLibrary.asm(46): error A2034: must be in segment block
AsmLibrary.asm(49): error A2034: must be in segment block
AsmLibrary.asm(50): error A2034: must be in segment block
AsmLibrary.asm(54): error A2034: must be in segment block
AsmLibrary.asm(55): error A2034: must be in segment block
AsmLibrary.asm(56): error A2034: must be in segment block
AsmLibrary.asm(57): error A2034: must be in segment block
AsmLibrary.asm(58): error A2034: must be in segment block
AsmLibrary.asm(61): error A2034: must be in segment block
AsmLibrary.asm(62): error A2034: must be in segment block
AsmLibrary.asm(63): error A2034: must be in segment block
AsmLibrary.asm(64): error A2034: must be in segment block
AsmLibrary.asm(65): error A2034: must be in segment block
AsmLibrary.asm(67): error A2034: must be in segment block
AsmLibrary.asm(69): error A2034: must be in segment block
AsmLibrary.asm(70): error A2034: must be in segment block
AsmLibrary.asm(72): error A2034: must be in segment block
AsmLibrary.asm(73): error A2034: must be in segment block
AsmLibrary.asm(76): error A2034: must be in segment block
AsmLibrary.asm(77): error A2034: must be in segment block
AsmLibrary.asm(79): error A2034: must be in segment block
AsmLibrary.asm(80): error A2034: must be in segment block
AsmLibrary.asm(81): error A2034: must be in segment block
AsmLibrary.asm(82): error A2034: must be in segment block
AsmLibrary.asm(83): error A2034: must be in segment block
AsmLibrary.asm(84): error A2034: must be in segment block
AsmLibrary.asm(85): error A2034: must be in segment block
AsmLibrary.asm(87): error A2034: must be in segment block
AsmLibrary.asm(89): error A2034: must be in segment block
AsmLibrary.asm(90): error A2034: must be in segment block
AsmLibrary.asm(91): error A2034: must be in segment block
AsmLibrary.asm(93): error A2034: must be in segment block
AsmLibrary.asm(94): error A2034: must be in segment block
AsmLibrary.asm(95): error A2034: must be in segment block
AsmLibrary.asm(96): error A2034: must be in segment block
AsmLibrary.asm(97): error A2034: must be in segment block
AsmLibrary.asm(98): error A2034: must be in segment block
AsmLibrary.asm(99): error A2034: must be in segment block
AsmLibrary.asm(100): error A2034: must be in segment block
AsmLibrary.asm(103): error A2034: must be in segment block
AsmLibrary.asm(104): error A2034: must be in segment block
AsmLibrary.asm(105): error A2034: must be in segment block
AsmLibrary.asm(106): error A2034: must be in segment block
AsmLibrary.asm(107): error A2034: must be in segment block
AsmLibrary.asm(108): error A2034: must be in segment block
AsmLibrary.asm(109): error A2034: must be in segment block
AsmLibrary.asm(111): error A2034: must be in segment block
AsmLibrary.asm(113): error A2034: must be in segment block
AsmLibrary.asm(114): error A2034: must be in segment block
AsmLibrary.asm(115): error A2034: must be in segment block
AsmLibrary.asm(116): error A2034: must be in segment block
AsmLibrary.asm(117): error A2034: must be in segment block
AsmLibrary.asm(118): error A2034: must be in segment block
AsmLibrary.asm(120): error A2034: must be in segment block
AsmLibrary.asm(121): error A2034: must be in segment block
AsmLibrary.asm(122): error A2034: must be in segment block
AsmLibrary.asm(123): error A2034: must be in segment block
AsmLibrary.asm(124): error A2034: must be in segment block
AsmLibrary.asm(125): error A2034: must be in segment block
AsmLibrary.asm(126): error A2034: must be in segment block
AsmLibrary.asm(128): error A2034: must be in segment block
AsmLibrary.asm(129): error A2034: must be in segment block
AsmLibrary.asm(130): error A2034: must be in segment block
AsmLibrary.asm(131): error A2034: must be in segment block
AsmLibrary.asm(132): error A2034: must be in segment block
AsmLibrary.asm(133): error A2034: must be in segment block
AsmLibrary.asm(135): error A2034: must be in segment block
AsmLibrary.asm(136): error A2034: must be in segment block
AsmLibrary.asm(138): error A2034: must be in segment block
AsmLibrary.asm(139): error A2034: must be in segment block
AsmLibrary.asm(140): error A2034: must be in segment block
AsmLibrary.asm(142): error A2034: must be in segment block
AsmLibrary.asm(143): error A2034: must be in segment block
AsmLibrary.asm(144): error A2034: must be in segment block
AsmLibrary.asm(145): error A2034: must be in segment block
AsmLibrary.asm(146): fatal error A1012: error count exceeds 100; stopping assembly
C:\Program Files\Microsoft Visual Studio\2022\Professional\MSBuild\Microsoft\VC\v170\BuildCustomizations\masm.targets(70,5): error MSB3721: выход из команды "ml.exe /c /nologo /Zi /Fo"Debug\AsmLibrary.obj" /I "C:\Users\cccsk\OneDrive\Desktop\asmbook-main\asmbook-main\Irvine" /W3 /errorReport:prompt  /TaAsmLibrary.asm" с кодом "1".
